hello wrold
hello vidar
hello hduhelp
hello weyoung
